=== part 1 of 2 (fast_path false, tokens 402)
included: b.go, a.go
clipped: 
deleted_listed: gone.go
omitted.added: 
omitted.modified: huge.go
omitted.deleted: 
skipped: logo.png (binary), moved.go (empty_diff)
--- text


## File: 'b.go'

@@ -0,0 +1,12 @@
__new hunk__
1 +    value_0 = compute(0)
2 +    value_1 = compute(1)
3 +    value_2 = compute(2)
4 +    value_3 = compute(3)
5 +    value_4 = compute(4)
6 +    value_5 = compute(5)
7 +    value_6 = compute(6)
8 +    value_7 = compute(7)
9 +    value_8 = compute(8)
10 +    value_9 = compute(9)
11 +    value_10 = compute(10)
12 +    value_11 = compute(11)


## File: 'a.go'

@@ -0,0 +1,10 @@
__new hunk__
1 +    value_0 = compute(0)
2 +    value_1 = compute(1)
3 +    value_2 = compute(2)
4 +    value_3 = compute(3)
5 +    value_4 = compute(4)
6 +    value_5 = compute(5)
7 +    value_6 = compute(6)
8 +    value_7 = compute(7)
9 +    value_8 = compute(8)
10 +    value_9 = compute(9)

Additional modified files (insufficient token budget to process):

huge.go

Deleted files:

gone.go
=== part 2 of 2 (fast_path false, tokens 576)
included: 
clipped: huge.go
deleted_listed: 
omitted.added: 
omitted.modified: 
omitted.deleted: 
skipped: 
--- text


## File: 'huge.go'

@@ -1 +1 @@
__new hunk__
1 +    changed_0 = compute(1)
__old hunk__
-    value_0 = compute(0)

@@ -3 +3 @@
__new hunk__
3 +    changed_2 = compute(3)
__old hunk__
-    value_2 = compute(2)

@@ -5 +5 @@
__new hunk__
5 +    changed_4 = compute(5)
__old hunk__
-    value_4 = compute(4)

@@ -7 +7 @@
__new hunk__
7 +    changed_6 = compute(7)
__old hunk__
-    value_6 = compute(6)

@@ -9 +9 @@
__new hunk__
9 +    changed_8 = compute(9)
__old hunk__
-    value_8 = compute(8)

@@ -11 +11 @@
__new hunk__
11 +    changed_10 = compute(11)
__old hunk__
-    value_10 = compute(10)

@@ -13 +13 @@
__new hunk__
13 +    changed_12 = compute(13)
__old hunk__
-    value_12 = compute(12)

@@ -15 +15 @@
__new hunk__
15 +    changed_14 = compute(15)
__old hunk__
-    value_14 = compute(14)

@@ -17 +17 @@
__new hunk__
17 +    changed_16 = compute(17)
__old hunk__
-    value_16 = compute(16)

@@ -19 +19 @@
__new hunk__
19 +    changed_18 = compute(19)
__old hunk__
-    value_18 = compute(18)

@@ -21 +21 @@
__new hunk__
21 +    changed_20 = compute(21)
__old hunk__
-    value_20 = compute(20)

@@ -23 +23 @@
__new hunk__
...(truncated)
=== overall
included: b.go, a.go
clipped: huge.go
deleted_listed: gone.go
too_large: 
omitted.added: 
omitted.modified: 
omitted.deleted: 
skipped: logo.png (binary), moved.go (empty_diff)
