removed   RemovedFunc      a/one.go
removed   RenamedOld       a/one.go
removed   DeletedWithFile  a/gone.go
signature SigChanged       a/one.go
changed   Anchor           a/one.go
changed   MovedAway        a/one.go
changed   RenamedNew       a/one.go new
changed   BrandNew         a/one.go new
changed   BodyOnly         a/two.go new
removed   TestRemovedHelper a/one_test.go test
removed   removed_in_tests a/tests/util.py test
changed   TestAnchor       a/one_test.go test
changed   TestNewHelper    a/one_test.go new test
changed   sig_in_tests     a/tests/util.py new test
